INFO [2025-11-05 09:48:29] $x
INFO [2025-11-05 09:48:29] list(CDEs = unique(nic_cdes$e165_ID), `AM Volumes` = unique(nic_am_vols$e165_ID), 
INFO [2025-11-05 09:48:29]     `PM Volumes` = unique(nic_pm_vols$e165_ID))
INFO [2025-11-05 09:48:29] 
INFO [2025-11-05 09:48:29] $filename
INFO [2025-11-05 09:48:29] NULL
INFO [2025-11-05 09:48:29] 
INFO [2025-11-05 09:48:29] $fill
INFO [2025-11-05 09:48:29] c("#E69F00", "#56B4E9", "#009E73")
INFO [2025-11-05 09:48:29] 
INFO [2025-11-05 09:48:29] $alpha
INFO [2025-11-05 09:48:29] [1] 0.6
INFO [2025-11-05 09:48:29] 
INFO [2025-11-05 09:48:29] $cex
INFO [2025-11-05 09:48:29] [1] 1.5
INFO [2025-11-05 09:48:29] 
INFO [2025-11-05 09:48:29] $cat.cex
INFO [2025-11-05 09:48:29] [1] 1.2
INFO [2025-11-05 09:48:29] 
INFO [2025-11-05 09:48:29] $main
INFO [2025-11-05 09:48:29] [1] "Overlap of Unique Individuals Across Imaging Datasets"
INFO [2025-11-05 09:48:29] 
